============================= test session starts ==============================
platform darwin -- Python 3.10.17, pytest-8.4.1, pluggy-1.6.0 -- /Users/jrtb/.pyenv/versions/3.10.17/bin/python3.10
cachedir: .pytest_cache
rootdir: /Volumes/Extreme SSD/sync_repo
plugins: cov-6.2.1, mock-3.14.1
collecting ... collected 59 items

tests/test_credentials.py::TestCredentialTester::test_init SKIPPED (...) [  1%]
tests/test_credentials.py::TestCredentialTester::test_run_aws_command_success SKIPPED [  3%]
tests/test_credentials.py::TestCredentialTester::test_run_aws_command_failure SKIPPED [  5%]
tests/test_credentials.py::TestCredentialTester::test_test_aws_identity_success SKIPPED [  6%]
tests/test_credentials.py::TestCredentialTester::test_test_aws_identity_failure SKIPPED [  8%]
tests/test_credentials.py::TestCredentialTester::test_test_s3_bucket_access_success SKIPPED [ 10%]
tests/test_credentials.py::TestCredentialTester::test_test_s3_bucket_access_empty_bucket SKIPPED [ 11%]
tests/test_credentials.py::TestCredentialTester::test_test_s3_bucket_access_failure SKIPPED [ 13%]
tests/test_credentials.py::TestCredentialTester::test_test_s3_upload_download_success SKIPPED [ 15%]
tests/test_credentials.py::TestCredentialTester::test_test_s3_upload_download_failure SKIPPED [ 16%]
tests/test_credentials.py::TestCredentialTester::test_test_s3_bucket_metadata_success SKIPPED [ 18%]
tests/test_credentials.py::TestCredentialTester::test_test_s3_bucket_metadata_failure SKIPPED [ 20%]
tests/test_credentials.py::TestCredentialTester::test_test_cloudwatch_permissions_success SKIPPED [ 22%]
tests/test_credentials.py::TestCredentialTester::test_test_cloudwatch_permissions_failure SKIPPED [ 23%]
tests/test_credentials.py::TestCredentialTester::test_test_iam_permissions_success SKIPPED [ 25%]
tests/test_credentials.py::TestCredentialTester::test_test_iam_permissions_failure SKIPPED [ 27%]
tests/test_credentials.py::TestCredentialTester::test_run_all_tests_success SKIPPED [ 28%]
tests/test_credentials.py::TestCredentialTester::test_run_all_tests_partial_failure SKIPPED [ 30%]
tests/test_credentials.py::TestCredentialTester::test_run_all_tests_all_failure SKIPPED [ 32%]
tests/test_credentials.py::TestCredentialTesterIntegration::test_integration_credential_validation SKIPPED [ 33%]
tests/test_credentials.py::TestCredentialTesterIntegration::test_error_handling_integration SKIPPED [ 35%]
tests/test_logger.py::test_log_sync_start_and_complete PASSED            [ 37%]
tests/test_logger.py::test_log_file_upload_and_skip PASSED               [ 38%]
tests/test_logger.py::test_log_verification_result PASSED                [ 40%]
tests/test_logger.py::test_cloudwatch_logging PASSED                     [ 42%]
tests/test_sync.py::TestS3Sync::test_load_config_file_not_found PASSED   [ 44%]
tests/test_sync.py::TestS3Sync::test_load_config_invalid_json PASSED     [ 45%]
tests/test_sync.py::TestS3Sync::test_load_config_valid PASSED            [ 47%]
tests/test_sync.py::TestS3Sync::test_setup_aws_clients_success PASSED    [ 49%]
tests/test_sync.py::TestS3Sync::test_setup_aws_clients_no_credentials PASSED [ 50%]
tests/test_sync.py::TestS3Sync::test_calculate_file_hash PASSED          [ 52%]
tests/test_sync.py::TestS3Sync::test_calculate_file_hash_nonexistent PASSED [ 54%]
tests/test_sync.py::TestS3Sync::test_get_s3_object_metadata_exists PASSED [ 55%]
tests/test_sync.py::TestS3Sync::test_get_s3_object_metadata_not_exists PASSED [ 57%]
tests/test_sync.py::TestS3Sync::test_should_upload_file_new_file PASSED  [ 59%]
tests/test_sync.py::TestS3Sync::test_should_upload_file_unchanged PASSED [ 61%]
tests/test_sync.py::TestS3Sync::test_should_upload_file_changed PASSED   [ 62%]
tests/test_sync.py::TestS3Sync::test_should_include_file_included PASSED [ 64%]
tests/test_sync.py::TestS3Sync::test_should_include_file_excluded PASSED [ 66%]
tests/test_sync.py::TestS3Sync::test_get_files_to_sync_empty_directory PASSED [ 67%]
tests/test_sync.py::TestS3Sync::test_get_files_to_sync_with_files PASSED [ 69%]
tests/test_sync.py::TestS3Sync::test_upload_file_simple_success PASSED   [ 71%]
tests/test_sync.py::TestS3Sync::test_upload_file_simple_failure PASSED   [ 72%]
tests/test_sync.py::TestS3Sync::test_upload_file_multipart_success PASSED [ 74%]
tests/test_sync.py::TestS3Sync::test_upload_file_multipart_failure PASSED [ 76%]
tests/test_sync.py::TestS3Sync::test_upload_file_size_based_routing PASSED [ 77%]
tests/test_sync.py::TestS3Sync::test_update_stats_thread_safe PASSED     [ 79%]
tests/test_sync.py::TestS3Sync::test_upload_worker_dry_run PASSED        [ 81%]
tests/test_sync.py::TestS3Sync::test_upload_worker_success PASSED        [ 83%]
tests/test_sync.py::TestS3Sync::test_upload_worker_failure PASSED        [ 84%]
tests/test_sync.py::TestS3Sync::test_sync_no_files PASSED                [ 86%]
tests/test_sync.py::TestS3Sync::test_sync_with_files PASSED              [ 88%]
tests/test_sync.py::TestS3Sync::test_print_summary PASSED                [ 89%]
tests/test_sync.py::TestIntegration::test_integration_file_discovery PASSED [ 91%]
tests/test_sync.py::TestIntegration::test_integration_file_comparison PASSED [ 93%]
tests/test_sync.py::TestIntegration::test_retry_logic_on_simple_upload PASSED [ 94%]
tests/test_sync.py::TestIntegration::test_retry_logic_on_multipart_upload PASSED [ 96%]
tests/test_sync.py::TestIntegration::test_sha256_integrity_check PASSED  [ 98%]
tests/test_sync.py::TestIntegration::test_logger_integration_on_upload PASSED [100%]

======================== 38 passed, 21 skipped in 0.67s ========================
